EDITION,

DE PARIS || Filépioe

Rédüction.
Admini:

1404-76 — 401-77 — 4101-78
4041-67 — 404-74 — 10175

Directeur
Le Supplément illustré. 5 QT.
La-Mode. 40 osT

STEPHEN PICHON, Pr

ésigon

politique
Le PatitJournälagricole 5 caNT,
La Mpsique 15 car.

Urné

NES SEINE ET SEIRE-EFGISE

SPR.

SAMEDI 4" AOÛT 191%

218 —— SAINTE SOPHIE 152

+ '

62 ANNÉE (Noméno 8.845)

Le sort en est jeté. Nous-sommes t
à la veille de la querre. Toùtes-les
puissances sont sous les armes.
L’Autniche a mobilisé, la Russie,
répondant à cette initiative, à mo-
bilisé à son tour, l’Allemagne mo-
dilise, et la France ne peut pas ne
pas mobiliser.

Jusqu'à la dernière heure, nous
avons voulu espérer contre l'espé-
rance. Nous avons voulix croire que
nous trouverions chez les Allemands
un désir de'paix répondant au nô-
tre. Nous avons cherché tous les
procédés dè conciliation. Nous nous
sommes. associés, à tous les. projets
qui pouvaient empécher les grandes
nations, dites civilisées, de se ruer
les unés sur les autres. Nous avons
échoué.

Les) communications successives
de l'ambassadeur d'Allemagne en
France ne laissent aucun doute: sur
les .arrière=pensées de son pays.
Personnellement, M. de Schæn est
un homme de tempérament conci-
liant. Mais les instructions qu'il
était. chargé d'exécuter ne laissaient
aucime place à ses vœuæ personnels.
Obéissant aux ordres qui lui étaient
donnés, àl n'a cessé de contrecarrer
activement ou passivement, par l'a*
termoiement, le mauvais vouloir ou
l'imertie, les. propositions média-
frices. La déclaration qu'il a faite,
hier, ne permet plus aucune équi-
voque. C’est bien. la guerre, et pas
autre chose, que veut le gouverne-
ment. allemand. e

» L'Allemagnedemande à la Russù

de démobiliser dans les douze heu-
res, ct annonce qu'en cas contraire
sa propre mobilisation s'effectuera.

L'AUemagne demarede à la France
qu'elle fera en présence de la mo-
bilisation russe.

Hlle insiste pour le savoir aujour-
d'hui même, dans des termes tels
qu'on doit s'attendre au rappel de
son ambassadeur. *

IL n'y a done plus rien d'autre à
faire hélas! que desse préparer à la
grande rencontre, que, depuis tant
d'années, les représentants de la
France et du gouvernement de la
République s'efforcent d'empêcher.

La France sera digne de son pas-
sé, de son histoire. Défaite en 1871
à la suite de fautes qu'il est inutile
de rappeler, elle:sera victorieuseen
1914. M. de: Moitke avait assigné
cinquante’ ans pour la germanisa-
tion de l'Alsace. N y a de.cela qua-
rante-trois ans, et la germanisation
n'a pas avancé. La prophétie’ du
grand homme de guerre ne s’est pas
réalisée. À nous maintenant, puis-
qu'on nous y force, de prendre une
revanche que nous devons à nos in-
fortunés compatriotes des bords du
Rhin",

Personne ne dira que nous l'avons
cherchée ; nous savions. trop ce
qu'elle coûterait à l'Europe. Si,
comme tout. le -dénole, la guerre
éclate, ce n'est pas nous qui aurons
la responsabilité terrible. de mettre
l’Europe à feu et à sang. ;

S. PICHON.

sur les boulevard

us
= /

Sur les boulevards, entre la, Mädeloime
et la rue Drouot, les curieüx étaient très
nombreux, hier soir, surlout à le hauteur
de te rûe Caumantin.

Des patrouilles passaient de temps à
autre pour maintenir l'ordre 6t éviter les
attroupements, inutiles.

Les, bruits les plus divers, les plus ex-
träondinaires, ciroulafent an sujet des pré-
paratifs de guerre.

nouvelle de J'attentat dont M. Jaurès
avait élé victime & produit grande
émotion et a été l'objet des commentaires j
les plus passionnés. Peu à peu les préci- |
sions sont venues et-ç'a été d'abord de le |
stupeur.

Te public, du reste, ne s'est pas départ |

de son calme.

Le calme n’était pas moins complet sur |
d'autres points, tels que de la Porte-Saint-
Denis, à la place de la République. :

Les-gardiens de la paix ‘dispersaient 1
groupes et les promeneurs * obéissaient
sans murmurer.

Même note de la’ placo de 1» Concorde à
1a Madeläine., tmp do curieux, des
convéréations  airiées, mais” tranquif
Tité parfaite. Aucun incident.

Par contre, mie Mantmartre, l'al
été “suivi d'une manifestation =
lente. - .. ;

Une colonne d'à péu près 2.000 ‘person-
mes, qui, du reste, grossit d'instant en
instant, arrive devant la Porte-Saint-De-
nis, à 11 heures et demie, et se dirige eur
ja pléce de là République en chantant la
a illaise et en poussant des cris hostiles
à l'adresse de J'Alenragne.

‘Place de la République, 1e service d'or-
dre fait faire demi-tour aux manifestants. |
‘Ceux-ci vont alors jusqu'à ta gare de l'Est, à

- toujoursen chantant la Marseillaise et en :
poussant des cris. Ils redescendent par le |
faubourg Saint-Martin, le boulevard de |
Sébastopol, la rue Turdigo, la rue Etienne-
Mareel, la ruo du Louvre «et la tue de Ri- |
woli_; ils s'arrêtent un instant devant la |
statüe de Strasbourg, place de a Concorde, |
et repartent vers l'ambassade’ d'Angletèrre |
et l'ambassade d'Allemagne. |

Ces manifestants qui se tiennent serrés |
autour d'un jeune homme, qui porté on
drapeau tricolone, ont été.très applaudis
A.zeur passage.

Les billets de 20 francs et de 5 francs
ont, hier, fait leur apparition
; ——or——

A la Banque de France

Les abords de la Banque de France ont
présenté, hier, la inême atfluence et la
tmême animation que les jours précédents.

Désireuse d'échanger le papier-monnaie
contre des espèces sonnantes et trébuchân-
tes, “uno foule mombreuse y a'alilué toute
ka journée. :

Dès l'aube, uno longue théorie se déroule
pas les rues Montpeuster, de Beaujolais, de

‘alois, Baillif et MadziWill, pour s'achemi-
Der vers les guichets de la banque,

Ce n'est point, certes, une fouie ‘inquiète,
mante, mais patiente, tranquille, gaie
méme, qui, sans murmurer, est rangée le
long des murs, derrière. lesquels régne une
activité Iaborie :

Do: tombrenx gardiens de Ja (paix, des
gardes républicaîns et le poste d'infaiiterie

considérablement rentocé
gervice d'ordre.
Parisienne avant tout, celle foule dgeilo

coopérent au

‘demanre joviale
né ame “trd

ue, d'aventare, quel
émet ln piétändion

le ne pas s'aller placer tout en queue, de |

plaisantes protestations, des lazais, l'obl
gent à se retirer, intimidée et à revenir en
arrière.

Ti en foi ainsi tonte la matinés el tout
Paprès-aüdi jusqu'à quatre beères — heu
To à laquello, suivant lo règlement — les
portes fument fermées.

TB est difficile do diro combien de inil-
Tiers de personnes défilérent ainsi devant
Jes quichets pour y recevoir en échange de
billets de 1.000, 600, 100 et 50 francs, des
ceus, des pièces d'or et aussi les coupures
Giises fier pour la première fois, comme
Je savent nos lecteurs, de 2 et de 5 francs.

| ral pour écrire l'article qu'il

a été assassiné
hier soir, à Paris

Le député du Tarn était en train de diner

quand on a

tiré -sur lui.

L’assassin est un jeune homme: de 29 ans
fils du greffier du tribunal civil de Reims.

Paris a appris avec ‘stupenr, daïis Ja
soirée, que lé chef du parti socialiste,
M. Jaurès, venait d'être assassiné. On
lira ci-dessous les détails que nous avons
recueillis sur ce crime odieux, Il excite-
ri, dans notre pays, une indignation uni-
ersele. ;
On ne comprendrà pas qu'au moment
où l'union se fait entre tous les Fran-

is il se soit trouvé en France une main
criminelle pour commettre un pareîl
attentat. Puisse-til ne pas être exploité
dans l'intérêt des ‘ennemis de notre
Patrie l— S. P.

Le drame

Voici dans quelles circonstances avait
été commis l'attentat :

M. Jaurès avait eu, vers la fin de l’après-
midi, um entretien avec M. Abel Ferry,
sous-secrétaire d'Etat aux Affaires étram-
sères .; il so praposait de‘ donner dans
Humanité le compte rendu de cette entre-
vue qui, a-t-on dit, avait trait à la crise
actuelle,

À peîne avait-il quitté M, Abel Ferry que
M. Jaurès se mendit, pour dîner, au café du
Croissant, l'angle de la rue du mème
nom et de Ja rue Montmartre, tout à côté
de l'immeuble dù sont installés les bureaux
de l'Human:

Il sy atiabla en compagnie de son col-
laboraieur M. Renaudel, ‘et de M: Daniel
Renoult, frère du ministre des Travaux
publie v; «

Il était alors environ neuf heures.

La table devant laquelle était assis DL.
Jaurès se tnouvait devant une fenêtre.
à laquelte te châf du parti socialiste tour-
nait 1e dos. ue

‘À meuf heures et demie, le tôpas terminé,
M; Jaurès s'apprêtait à monter à-sonjour-

i voit projeté,
lorsqu'un revolver fut brandi à travers un
vasistas ouvert et
avant d'avoir eu le temps d'intervenir, en-
tendirent coup sur coup deux détonations
et, en même temps, aperçurent M. Jaurès
qui, sans un cri, s'affaissait dans les bras
de ses deux arais,

les consommateurs,

Disons tout de suite que ces nouveaux
biliets furent fort bien aocueillis per ie |
public.

L'entrée de i& mue, La Vrillière était ré-
servée aux personnes venant échanger une
somme inférieure à 1.000 francs.

L'entrée principale, rue des. Petits-

teurs de liesces supérieures à 10.000 francs.

‘Une petite porte à gauche était réservée
à Tentrée et à la sortie des personnes ve-
nant payer des éffets,

Une fois entré «dans la‘cour, 16 public
était dirigé sur deux rangs et réparti en-
tre dix-huit guichets, sur lesquels des pan-
Cartes portaient ces inscriptions :

Echange des: billets contre écus
Echange contre Lillets ‘et or
Echange contre billets de 20 et de 5 francs

En outre, la Banque de France, à partir
de ce matin 1° août, ouvre raNe
des guichets supplémentaires pour l'émis-
sion.des billets de 20 francs et de 5 franes,
dans tous ses bureaux de recette de Pa-

5, SAVOIE:

au A; rue Gounod, 2, 17° arrondis-
sement ; bureau B, rue Violet, 61, 15 ar-
rondissement ;-bureau C, rus de la Gla-
cière,26, 13° arrondissement ; bureau D,rue
de Lyon, 24 et 26, 1% arrondissement ; bu-
reau E, rue des Pyrénées, 30, 2" arron-
dissement ; bureaù F, rue Saint-Luc, 13,
18* arrondissement ; bureau G, rue Jac-
quemom, 11, 17€ arrondissement ; bureau
À, avenue Mozart
‘A la Banque de France même,
pures ont été remises hier, dès
es guichets, â-neuf Heures, à tôutes les
personnes qui en ont fait ka demande,
“Au secrétariat général de la Bañme de
ice, où nous avons été reçu, l'on nous

ces cou-

avons remis aujourd'hui à toutes les
mantité de coupures

du métal préc €
saurisation insuffisamment justifiée.
Là encore été remis un grand nombre de
ces coupures aux
sentées à nos guichets aujourd'hus. L'accueil
fait à ces billets a été très empressé.
L'effervescence que. vous avez consu
Yntéreur et à l'éxtérieur de la Band
France ce trouve considérablement augmentéa
du fait que nous avons aujourd'hui une impor
tante échiéa forcée per l'approche d'une
fin de semaine,
Nous avons installé, pour faciliter nos opè-
, de nombréuses baraques provenant du
‘échanges infé-

Q nous dit en terminant
noire inlerloëuteur, cette ruée du public vers
Nos guichets, ce, désir d'ainassér de For, ne
correspondent à aucune à .

Sous avons payé en fuit jours vm Hiltiard
et demi en-biltets et en espèces. Vous n'o
bliéz pas, que-notre encaissé mélaltique dé-
passe à mifiards.
tandisque nous rious retiroi
apercovans dans une des cours’ co:
du. bâtiment: des camions chargés de ca:
ses: que drisent les ouvriers pour en retiror
d'énormes lingôts d'or pur qui s'entassent
en uné masse, régulière vraiment impo-
sante. Spectacle ranaiert #'l,en était be-
prog 5 °

Clranps, était permise seulement aux por

13, 16° arrondissement. |

srsonnes’ qui ce sont pré- |

|

|

;

|

M est facile d'imaginer quelle émotion
‘étreignit alors tous les assistants.

Tandis qu'à l'intérieur du café, on s'em-
pressait auprès du blessé, au dehors, parmi

la foule, toujours très nombreuse à,
cet endroit, surtout pendant ces jours‘
de fièvre on se précipiait sur

teur de l'attentat qu'un inspecteur. de
lice judiciaire et des gerdiens de la paix
appréhendèrent presque aussitôt Hs le
conduisirent immédiatement au poste de le
rue de Ja Banque.et eurent toutes les pèl-
nes du monde à le protéger contre l'hosti-
lité du publie.

Entre temps, la victime avait été éten-
due sur une fatle de mmasbre. M, Jaurès
était sens connaïssence,

‘Ag premier examen, on se rendit comp-
te qu'il avait été frappé à mort

Un des projectiles l'avait atteint à” la
dese de la nuque
été mis à découvert, en une plaie horrible
‘à voir, et, sans avoir pa dire un moi, le
dépuié du Tarn rendait le dernier soupir.

Le meurtrier à la police. judiciaire -

Après qu'on eut vainement tenté d'in
terroger là meurtrier au'poste de la rus de
la Banque, il fut conduit daïrs les bureats.
de la police judiciaire, quai des Orfèvres.

Là, d'nefüsa également,‘ avec la plus
Erande- énergie, de fournir son, état civil.
Fouitié à au, il ne fut trouvé porteur
d'identité. ‘

5 du service d'identité judi-
ciaire vinrent ensuite le photographier. >

C'est un grand jeune honnme blond, dont
l'expression de physionomie « l'accent pa-
rurent tout d'abord être coux d'un étran-
ger.

Mais ces suppositions ‘étaient Mentôt
contredites par les déclarations du _meur-
trier qui, interrogé par M. Drioux, juge
d'instruction désigné par Te Parquet, finit
par décliner son état civil,

—

Au Ministère de l'Intérieur

Les ministres émis en, Conseil #4Ely-
s6e sous la présidence de M. Poincaré ache-
vajont de délibérer quand on vins Jenr gp-
porter la noivelle du meurtre de M. Jau-
rès. =

Malvy,

È re de l'Intérieur, s'est
aussitôt rendu à la place Beauvau afin de
dorer des ordres en vue des incidents qui
pouvaient se produire.

Le ministre est ensuite retourné à W'Ely-
sée. ‘

M. Renault, député socialiste, a raconté
ainsi la scène du meurtre

— Je dinais à côté de Jaurès, au Café du
Croissant, Nous étions adossés à la fené-
tre qui élait grande ouverte, Un individu
a, de la rue, soulevé le rideau et tiré à
bout portant sur Jaurès deux coups de're-
volver à lamuque.

Jaurès est Lomtbé sur'moi sans pousser
un cri, ;

On à étendu. Jaurès, qui était mort
sur le coup, suz tine table du café, puis on
@ transporté son corps à son domicie, à
Passy. - Ï

À onze Heures et demie, un certain noi.
bne d'hommes politiques se sont rendus au

ministère, de l'Intérieur ‘pour prendre des
movpasties. 8

: tout le cervelet avait |

. Laüche, Renaudel, Fournier, Albort
Thomias, députés sodaalistes, s'y sont ren
‘lis do leur côté pour conférer avec M.
Malvy, qui avait quitté-le Conseil des :

ISLE i
M Malvy leur a (communiqué le texte
une prèclamation que M. Viviani venait
de‘rédiger pour s'élever contre l'assassinat
de'M1. Jaurès, « le grand oraieur, l'ami do
32 paix », et demander à la population p
Tistoñne de gariler le calme.

Cette proclamation a dû être affichée
dans la'muit sur les murs de Paris.

En voici. le texte :

Citoyens,

able aîtentat vient d'être com-
, le grand orateur qui ilus-
française, à été idchement

lécouvre personnellement, et aù nom
dë mes collègues, devant la tonmé si Vot au-
Verte du républicain sociatiste qui à lutté
Pour de st nobles causes et qui, eh ces jours
diticites xérêt de la paix, soutenu
de son autorité l'action patriotique du gou-

vernement.

Dans les graves circonstances que ?a patrie
traverse le ge © sur le pa-
triotisme de toute la po-
pulation pour ob lime êt ne pas

Se ae ad
tétion qui jetterait la capitale dans Je désor-

arrôté : il sera châtié, Que
tous alert conflance dans la toi el que nous
donnions ‘on ces graves périls l'exemple du
sang-froid ct de union. °

Pour le Conseil des ministres,
Le, président du Consetà
René Vrvu.

M. Tescouvé, prévareur de la Républi-
ête, s'est également rendu-quprès du 1ni-
nistre‘de l'Intérieur À qui il a dit que l'as-
sässin n'avait pas de papiers sur lui ct re-
fusait de dire son nom.

M. Malvy est ensuite retourné à l'Elysée,
où le Conseil des ministres se poursuivait.

—<

| Le meurtrier fait connaître son nom

Ge n'est qu'après un Jong interrogatoire
et pressé de questiom par le juge d'ins-
traction que lo meurtrier de M Jourès
s'est enfin décidé à faire connaître son

nor
1l s'appelle Raoul Vilin, né à Reïme, le
19 septembre 1885. Il habite à Paris, 44,
Tüe d'Assas.
Son père est groffier du tribunal de
Reims, sa mère et internée depuis vingt
s un asile d’alféré
près des premiers renseignements re-
eucillis Villi rendrait à aucun
sfoupement p n'a pas d'anté
gédemis Judiciaires et et inconnu à ls
Préectire de police, an service de rensei-
gnements généraux «ussi bien qu'à l'iden-
dité | judicia
Viliin a été interrogé, hier soir, par
MM Lescouvé, procureur de la République,
Dréoux, ‘juge d'instruction, Mouton, direc-
tur/de la police judiciaire. Les docieurs

Soajwet-ot Paul, médecins légistes ent as-
sisté à linferrogatoire de l'essassin qui,

jusqu'à présent, paraît jouir de da plénitude
de ses facuités.
Dimanche dernier il était à Reims où il
assistait à l'enterrement de sa grand'mère.
E ><

Manifestation rue Montmartre

_ Dès que 2 drame fut connu du public
se produisit de nombreux rassemble-
ments, rue Montmartre, devant d'immeuble
où se trouvent les bureanx de l'Humanité.

Çà et là des Parisiens qui, en quête de
nouvelles de ta guerre, s'élaien: rendu
sur les boulevards, formaient des groupe:
ments:

— Vive Jgurès ! Mort à d'assassin 1 Vive
Jaurès ! ne cessait-on de répéter.

t le café où Jaurès avait été ins
M sur une banquette, des gandes munici
aux, de mombreux agents contenaient,
non sans difficulté, les curieux dont le
flot sans cesse grandissait,

Tous les cateilers, en présence des, évé-
meménis, mirent leurs volets sur leur de-
vanture, ce quisprovoqua parmi le public
ne effervescence quelque peu violente.

Et la foule, qui venait d'apprendre que
Jaurès avait été tué, envahit la rue Mont-
‘martre en criant : « Mort à l'assassin !
Vive Jaurès | A has la guerre ! »
@e cri de « À bas Ja guerre ! » fut ré-
pété longuement quand “une ambulance
| vint prendre le cadavre du grand leader
| socialiste. pour le transporter à son do-

micile villa. de ja Tour, 8, à Passy.
Sur lé siège jrend place M.
Morel, député du Gard. Dans
le voiture, on remarque M. Loneuel, dépu-
té dé la Seine, eb-un capitaine d'infanteri

Un peloton de gardes républicains esc
te la voiture pour écarter les manifestant

Dès que les éditions spéciales des jour
maux eurent répandu dans Paris la nou-
well de l'assassinat de M. Jaurès, ce fut,
devant Humanité, ee Montmartre, mn
incessant défilé de curieux.

Durant fous. la soirée, une foule
compacte de plusieurs milliers de person-
nes ne cessa de stationner devant le jeur-
mal. Par instanis, des clameurs formid
bles s’élevaient de ja foule. Aux cris de
« Vive Taurès ! à poussés par ces mill
de poitrines se mêlaient ceux de : « À ba
la guerre | Hou, hon, lassessin |»

- VOIR LA SUITE EN & PAGE

plus dramatiques de l’histoire contem-
poraine. Un fait exceptionnel l'a mar-
quée : comme aux temps tragiques où
les intérêts supérieurs de la nation
étaient menacés, les membres du gou-
vernement français sont, on peut le dire,
démeurés en permanence, prêts à arré-
ter toutes mesures propres à sauvegar-
der l'honneur et l'intégrité de la patrie.

D'autres événements, extrêmement
émouveûts, ont accentué le caractère
poignant de ces heures que nous avons
vécues fiévreusement, chacune appor-
tant une aggravation nouvelle à une si-
tuation déjà si trouble et si chargée
d'inquiétude.

Rien ne pourra mieux faire compr

dre l'importance de la journée d'hier

à les renseignements
précis étaient des plus rares. ne sa-
vait rien des « opérations.de guerre
austro-serbés, Les négociations diploma-
tiques en vue d'une médiation n'étaient
point, disait-on, suspendues, mais la
Marche en restait inorée, de même
qu’on pouvait seulement dire que, dans
leur réunion quotidienne, les ministres
français s'étaient, sous la- présidence de
M. Poincaré.entretenus de la redoutable
erise extérieure.

Mais, a fin de l'après-midi, tout
changeait. An milieu des nouvelles sen-
ationnelles qui mous parvenaient coup
ur coup arrivait celle de la convocalior
d'un Conseil des ministres « exception
nel ».

Bientôt après, on était fixé. À quatre
heures, les membres du gouvernem:
s'étaient réunis à l’Elysée, sous la p
dence de M. Poincaré, ét nous récevions,
à l'issue de cetle réunion, communiea-
tion de la note suivante :

«Le Conseil des ministres,
»réuni à l'Elysée, s'est oc-
» cupé des affaires extérieu-
»Tes,

» Le Gouvernement, en at-
tendant l'issue des nêge-
) ciations diplomatiques en-
» gagées, prend les mesures
nécessaires pour assurer
»la sécurité de nos fron-
» tières, »

Cette note laconique indiquait que la
sécurité du pays pouvail, d’un moment
à l’autre, être mise en péril. En effet,
êl c'est à ces informations que nous fai
sons plus haut allusion, — des télé-
grammes succes nous avaient appor-
té d'alarmantes nouvelles,

Déjà, une angoissante dépêche de no-

tre correspondant particulier de Berlin,
rédigée en ces termes, nous était parve-

Berlin, 31 juillet.

Le bruit court avec per-
sistance qu’en réponse à la
mobilisation générale de
l’Autriche, la Russie aurait
décrété la même mesure.

On dit aussi que le gou-
vernement allemand s’ap-
préterait à décréter, de son
|côté, la mobilisation géné-
{rale de ses forces militaires

jet maritimes.
Peu après, la mobilisation allemande

étail virtuellement confirmée par cette
laconique dépêche :

_ Berlin, 31. juillet.

La mobilisation sera probahle-
ment annoncée €e soir.

L'empereur rentre cet après-
midi à Berlin.

‘Tels étaient les faits brutaux.

D'inquiétantes informations ies avaient
précé( des informations de nature à

Bous préparer à ces redoutables événe-
malgré tout, nous n'avions, jus-

ment

‘au dernier moment, gardé la volonté
d'espérer.encore,

D'abord dans la matinée, un télégram-
me de l'Agence Havas nous avait rap-
Porté le caractère extrèmement sérieux
des « précautions militaires » prises par
l’Allemagne :

Nancy, 31 duillet.
Des renseignements parvenus ici, il
résulte que de très importants mouve-
ments de troupes allemandes de couver-
ture :qui viennent occuper leurs empla-

4

t Vienne, la veille au sc

lemagne, Un certain nombre de réser-
vistes ont été rappelés dans les pays au-
nexés et dans la vallée du Rhin. Il a‘été
procédé dans la même zone à des réqui-
sitions individuelles pour les besoins
de tes troupes.

La surveillance ‘exercée par les ‘Alle-
mands sur les voies de communication
est très stricte. Les autorités militaires
ont pris des mesures pour interdire aux
habitants des pays annexés de gagner la
France, :

Des renseignements complémentaires,
puisés à la meilleure source, avaient
confirmé ce télégramme. I] était. abso-
lüment exact que les Allemands conli-
muassent les rassemblements de leurs
corps frontière et l'armement de leurs
places fortes. Hs avaient établi un ser-
vice de reconnaïssances et de patrouilles
très actif sur là frontière, qui, très vrai-
semblablement par ur, avait été
violée sur un point par une patrouille.

Ges mesures militaires allemandes ne
pouvaient manquer d'appeler l'attention
du gouvernement. et de l'état-major gé-
néral français. * Aussi, _ étions-nous in-
formés que. à nos frontières de l'Est, les
troupes de couverture avaient pris leurs
avant-postes ; foutefoi n de leurs
éléments ne s'était approché à moins de
dix kilomètres de la frontière, de ma-
nière à éviter que, par suile d'erreurs
au cours de manœuvres, nos troupes
S'égarassent eh territoire allemand.

Quant aux nouvelles extérieures, elles
nous apprenaient qu’une sérieuse confé
rence gouvernementale avait été tenue à

Vienne, 31 Juillet.
es journaux annoncent que te comie
Berchtold, ministre des Affaires étrangè-
tes, le général Krobalin, ministre de la
Guèrre, et le général Conrad de Hætaen-
dorf, chef d'état-major général, ont êté
regis en. audience par l'empereur,
dans l'après-midi, L'entreoue a duré deux
heures.

Puis une démarche des ambassadeurs
d'Allemagne à Londres et à Paris auprès
des ministres angl ançais des af
faires étrangères, sir Edward Grey et M.
Viviani, était dévoilée après deux jours
d'absolü silence. Qu'avaient dit ces am-
bassadeurs 7 À peu près ceci-: «.Si Ja
mobilisation russe ‘continue, ne vous
étonnez pas que l'Allemagne prenne dés
mesures militaires ». C'élait le « pen-
dant » de la démarche comminatoire fai-
te mercredi, à Saint-Pélersbourg, auprès
de M. Sazonow par l'ambassadeur de
Guillaume II pour lui donner le: même
avis.

Cola mettait à jour une tension -diplo-
matique exceptionnelle, de laquelle nul,
dans le grand public, n'avait été infor-

on pouvai

1visager les plus
Vités

tout. quand le
indiquer nêt-

tement que la Ras
ralifs de mobilisatio

Berlin, 31 Juillet,

L'ambassade d'Allemagne à Saint-Péters-
bourg annonce qu’il y a une concentration
générate de wagons sur les voies ferrées en
Russie.

À cette nouvelle, l'Allemagne donnait
aussitôt une première réponse : Guillau-
me II décrétait l’état dit de « menace de
guerre » :

Berlin, 31 Juillet,

L'empereur, conformément à l’article 68
de la. Constitution de l'empire (Bavière ex-
clusivement) a décrété l'état dit de'monace
de guerre. ;

Pour la Bavière, une ordonnance sem-
blablo ‘est prise.

Cet état concerne toutes les mesures mi-
litaires à la frontière et pour la protection
des chemins de fer, la restriction du, service
postal, télégraphique et des: chemins de
fer, au profit des besoins militaires,

D'autres conséquences en sont la déola-
ration de l'état de guerre qui équivaut À
l’état de siège en Prusse avec défense de
publier des nouvelles sur des mouvements
de troupes ot sur les moyens de défense,
Cet état de menace de guêrre comporte en
soi-même l'état de siège.

Le kronprinz a été désigné comme chef
de la première division de la garde.

C'était déjà en dire presque assez, Les
Eraves dépêches qu'on :à lues plus haut
étaient l'aboutissement de cette série
d'informations progressivement alar-
mantes.

Pendant que la nouvelle de ces événe-
ments nous parvenait, des incidents ©
trêmement dramatiques se produisaient
à l'intérieur même ‘du pays.

On signalait que la voie ferrée enire
Nancy ct Metz ävail été coupée, près de
Pagny-sur-Moselle.

Aüx environs de Paris, non loin de
Lagny-çur-Marne. un attentat criminel
menaçaît le tunnel de Chalifert eb n'étail
déjoué que grâce au sang-froid d'une
sentinelle, comme le souligie la note
suivante

Hier soir, à sept heures, la Compagnie
des Chemins de fer de l'Est a signalé
qu'à Lagny.ume voiture automobile dans
laquelle se trouvaient plusieurs indivi-
dus, s'est approchée du tunnel de Cha-
lifert.

L'automobile contenait des
d'explosifs.

La sentinelle, après avoir parlementé
avèc les automobilistes, qui voulaient
déposer cès caisses, a juil feu sur er.

L'automobile a pris la frite.

Enfin, et comme pour clore-par un
crime inattendu, stupéfiant, cette” jour-

trop fertile déjà en poignantes‘ péri-
péties, un individu’ assassinait, à neuf
heures et démie du-soir, dés uii-restan-

caisses

hier,

La Journée tragique d'hier

La journée d'hier comptera parmi les | cements continuent à se produire en Al-