
Demotivateur
Accueil
Voyage
Ce village français “aux mille roses” offre un spectacle naturel magnifique au printemps
Par Jérémy Birien · Publié le 09 mars 2025 à 16h45


COMMENTER
Le village de Gerberoy, en Picardie
Loin de l’agitation des grandes villes, les villages ruraux se parent de leurs plus belles couleurs avec le printemps à l’image de ce célèbre village français réputé pour ses “milles rosiers”.

L’arrivée du printemps s’accompagne naturellement d’une explosion de couleurs lorsque les fleurs se vêtissent de leur plus bel apparat. En France, il existe de nombreux villages labellisés où les fleurs sauvages et les jardins fleuris embellissent les ruelles pavées.

La suite après cette vidéo
Situé en Picardie, à 1h30 de Paris en voiture, un village français jouit d’une excellente réputation grâce à ses innombrables roses, le transformant en jardin à ciel ouvert. Un charme inspiré par le peintre impressionniste Henri Le Sidaner, qui s’est installé dans le village au début du XXème siècle et a conseillé à ses habitants de planter des rosiers devant leur maison.

Le village de Gerberoy, en Picardie
Crédit photo : Jean-Pierre His

Surnommé la “ville des roses” ou “le village au milles rosiers”, le village de Gerberoy est devenu un lieu incontournable des amoureux des fleurs. En 2016, la municipalité a ouvert le Jardin des Ifs, un ancien jardin privé, qui permet de profiter d’une promenade entre les ifs et les rosiers.

Une fête de la Rose organisée au printemps
Si le village attire les touristes, elle suscite également la curiosité des passionnés d’Histoire. En effet, la localité picarde fut le théâtre d’une bataille historique durant la Guerre de Cent Ans. De par sa position au sommet d’une butte, le village était un lieu de défense idéal durant le Moyen-Âge, entouré de remparts et doté d’un château.

Le village de Gerberoy, en Picardie
Crédit photo : Gerberoy.net

C’est le roi Henri IV qui a démantelé le château, dont les vestiges sont encore visibles aujourd’hui. L’autre témoignage historique de Gerberoy est l’église Saint-Pierre, construite au XIème siècle.

Ce n’est pas donc pas une surprise si Gerberoy a été classé parmi les plus beaux villages de France. Parmi les spécialités gastronomiques locales, il vous sera possible de découvrir notamment la confiture de roses. Enfin, pour célébrer son cadre floral unique, le village organise chaque année la fête de la Rose, dont la 95ème édition aura lieu le 1er juin 2025.

À lire aussi
Une femme en vacances au soleil
Voici les destinations préférées des Français pour les vacances en 2025
Le camping La Plage
Voici le camping préféré des Français en 2025, élu parmi 2700 établissements !

Suivez nous sur Google News
VOIR TOUS LES COMMENTAIRES
Fleur
author-avatar

Au sujet de l'auteur : Jérémy Birien
Journaliste

À lire aussi
Rose, fleur de lys ou tulipe ?
Votre fleur préférée en dit long sur votre personnalité
Une femme reçoit un bouquet de roses
N'offrez surtout pas de roses à votre moitié pour la Saint-Valentin, voici pourquoi
Un jardin aux fleurs colorées
8 fleurs à planter dès maintenant pour avoir un jardin fleuri tout l'automne
Dépêchez-vous, ce phénomène rarissime, qui n'arrive que tous les 120 ans, est actuellement visible à Nancy
Dépêchez-vous, ce phénomène rarissime, qui n'arrive que tous les 120 ans, est actuellement visible à Nancy
Voici pourquoi vous ne devez jamais jeter vos vieilles éponges
Voici pourquoi vous ne devez jamais jeter vos vieilles éponges
logo demotivateur
Demotivateur est le premier média digital de divertissement français à destination des millenials

Rubriques
Actualité / Divertissement

Entertainment

Télé

People

Voyage

Lifestyle

Vie Pratique

 
Maison / Décoration / Bricolage

Cuisine

Recettes

Insolite

Animaux


Sciences

Prénoms

Plan du site

Le groupe
Qui sommes-nous ?

La rédaction

Publicité

Nous contacter

Nos engagements RSE

Mentions légales

CGU

© 2010-2025 Copyright : Demotivateur

facebook twitter instagram youtube tiktok snapchat
FastCMP Trace PixelCookies