 

Je cherche
une recette, un ingrédient, de l'aide...


Connexion
Recettes d'hiver

Menu de la semaine

Univers Electroménager

Actus Food

Anti-Gaspi

Mieux manger

Ramadan
Ramadan

Délices gourmands et colorés avec

Délices gourmands et colorés avec
Accueil > Recettes > entrée > entrée chaude > oeufs cuits > Oeufs à la coque

Oeufs à la coque
4.5/5
42 commentaires

×



+ 2
4 min 11 sec
●
très facile
●
bon marché


Ingrédients
1
En cliquant sur les liens, vous pouvez être redirigé vers d’autres pages de notre site, ou sur Amazon.fr
Ustensiles
Version Airfryer
avec

1 Frigo
Top des meilleurs réfrigérateurs
+ de détails

1 casserole
Top 3 des batteries de casseroles
+ de détails
En cliquant sur les liens, vous pouvez être redirigé vers d’autres pages de notre site, ou sur Amazon.fr
Préparation
Temps total : 
4 min 11 sec
Préparation :
1 min 1 sec
Repos :
-
Cuisson :
3 min 10 sec
Étape 1
Pour réussir vos oeufs à la coque, suivez les 5 conseils suivants : Choisissez des oeufs extra frais et de taille similaire pour une cuisson homogène Sortez-les du réfrigérateur 1 heure avant de les cuire pour qu’ils soient à température ambiante

Étape 2

Mettre de l'eau à chauffer Lorsque l'eau bout, plonger les oeufs dedans avec une cuillère et compter 3 minutes de cuisson avant de les sortir de l'eau

Étape 3

Ajoutez un filet de vinaigre ou de jus de citron dans l'eau de cuisson afin d'éviter que l'oeuf se dilue dans l'eau si d'aventure la coquille se fêle

Étape 4
Si vous ne les dégustez pas immédiatement, conservez-les dans une eau à 60°C.

Étape 5

Accompagnez de mouillettes de pain ou de gruyère, puis salez légèrement, succès garanti !

M
Mireille F
Note de l'auteur :

« L'astuce Ethique et Toque de GoodPlanet : Choisissez des œufs frais dont le n° 0 inscrit sur la coquille certifie une agriculture bio et un élevage en plein air plus respecteux des animaux.
Il est préférable de cuire des oeufs qui sont à température ambiante. Donc si vous avez l'habitude de les conserver au réfrigérateur, sortez-les 1 heure avant. Ainsi, vous éviterez les chocs thermiques et le risque que les oeufs éclatent. »
Qu'est-ce qu'on mange ce soir ?
De l'inspiration chaque jour avec des recettes faciles, gourmandes et de SAISON :)
Adresse mail ici (obligatoire)
Je m'inscris*
*En cliquant sur "Je m'inscris", vous acceptez que Marmiton vous envoie ses newsletters personnalisées et mesure vos intéractions avec celles-ci. En savoir plus
Vous aimerez aussi…
oeuf en coque de brioche
oeuf en coque de brioche
4.5/5
4 avis
Coques en chocolat
Coques en chocolat
4/5
3 avis
Réussir un oeuf-coque
Réussir un oeuf-coque
4.8/5
9 avis
Commentaires (42)
La recette est terminée.
Donnez votre avis
g
guiguirim
2
/5
Petit conseil: faites bouillir de l'eau avec un peu de vinaigre. Plongez vos oeufs sortis du frigo une heure avant. A la reprise de l'ébullition, comptez 3 minutes, sortez vos oeufs et rincez-les à l'eau froide pour arrêter la cuisson.

31/10/2023 11:47
A
Anonyme
5
/5
1
Excellente recette et oeufs excellents. Pour les avis négatifs sur le temps de cuisson. Prenez un minuteur qui fonctionne !

31/10/2023 11:47
Lire tous les commentaires

Plus de recettes

Oeufs coque et mouillettes gourmandes
Oeuf à la coque de ma grand-mère
Oeufs à la coque chocolat coco abricot
Oeufs coque au beurre de cèpes
oeuf à la coque aux oeufs de lump
Cuisson des coques
Coque au lait
Coques au citron
Oeufs....
Ces contenus devraient vous intéresser

Comment cuire des Åufs durs ?
Tout savoir sur les oeufs
Que faire avec des pommes de terre déjà cuites à la vapeur ?
Les erreurs à ne pas faire lorsqu’on cuit une escalope à la poêle
Connaissez-vous les bonnes astuces pour s'assurer que les cuisses de poulet
4 erreurs à ne pas commettre lorsque l’on cuit du riz
Marmiton Mag
Et si vous vous abonniez ?
C'est la meilleure manière de ne rater aucun numéro, de faire des économies et de se régaler tous les deux mois :) En plus vous aurez accès à la version numérique pour lire vraiment partout.
VOIR LES SUPER OFFRES
MagazineMagazine
FAQ 
Partenariats & Licences 
Contact
Paramétrer les cookies
Mentions légales 
Recrutement
Conditions Générales d'Utilisation
Politique de confidentialité
Conditions Générales d'Abonnement
Foire aux questions - Vos choix sur l'utilisation de cookies
Pour des milliers de cocktails : 1001cocktails.com
© 2025 marmiton.org - Tous droits réservés