Kusatsu

koe) = UCT. 4km

: Bill (ear

Shigaraki Kameyama L!SE EXPWY

ww