







 %Verbatims Encadrés




{Doc.}
{0.1cm}





Enseignement Scientifique - Réforme 2023\\
Sciences Physiques\\[0.2cm]


Chapitre 1




 Un  est composé , qui sont eux-mêmes faits de . Les tissus sont un assemblage de , qui sont formées par des . Enfin, les molécules sont simplement des  mis ensemble. Dans les atomes, il y a des composants plus petits.

Un atome (taille $ 10^{-10}$ m) est constitué d'un noyau ($ 10^{-15}$ m) et d'électrons présents autour du noyau. Ca veut dire que le noyau est $10\,000$ fois plus petit que l'atome.\\
{0.35}


{0.65}

 Noyau : Composé de  ($+$)} et de }. Leurs taille et masse similaires nous invitent à les classer dans la même catégorie : les nucléons (au nombre de $A$).\\[1cm]
 Autour :  ($-$)} organisés en couches électroniques ($(1s), (2s), (2p), (3s), ...$)
 



Remarques :

 Un atome est électriquement neutre : il y a .
 C'est le . 26 protons fait qu'un atome s'appelle Fer ; un atome de 11 protons sera obligatoirement du Sodium.
 $}. Par exemple $_{13}Al}$ symbolise l'Aluminium, qui a $Z=13$ protons, et $A=27$ nucléons (donc $A-Z=14$ neutrons).


Exercice :

 Si un atome a 17 nucléons et 10 neutrons, combien a-t-il de protons ? et d'électrons ?
 Comment symboliser un atome d'Oxygène qui a 8 protons, 9 neutrons et 8 électrons ?




Il apparaît pertinent de vouloir visualiser la proportion d'atomes (sur Terre, dans un être vivant, dans l'Univers, ..). On peut tout autant utiliser une courbe, un diagramme en bâton, ou circulaire.
[H]




[H]





 On se rend compte que ce n'est pas toujours les mêmes atomes qu'on va retrouver en grande quantité : Dans l'Univers, c'est surtout de l'Hydrogène ($H$) et de l'Helium ($He$) (: les carburants des étoiles). \\
Chez les humains, c'est surtout $O$ (67\%), $C$ (18\%), $H$ (10\%), et $N$ (3\%).


En Physique-Chimie, on rencontre trois types de transformations qui seront symbolisées de manière similaire :

  : exemple : { $$}.\\
Ici on retrouve les mêmes atomes (les mêmes lettres) à gauche et à droite de l'équation-bilan. Il s'agit donc d'un réarrangement d'atomes déjà existants.\\
  = Changement d'Etat : exemple : { $ -> H_2O_{(g)}}$}.\\
Ici on ne change pas d'atome/molécule/ion. On change d'état de la matière (solide / liquide / gaz) en fonction des liaisons électromagnétiques faibles (voir Ch2).\\
 } : exemple : { $_{90}Th -> ^{224}_{88}Ra + ^4_2}$}.\\
Dans ce type de réaction, la nature des atomes change. Ici un atome de Thorium devient un atome de Radon.\\


 Dans les prochains chapitres (Ch1 et Ch4), notre objet d'étude sera la troisième catégorie : les réactions nucléaires.\\ 
Dans cette catégorie, il y a  :

  (cf Ch4)
 
  (cf Ch1)\\




 Exercice :\\
Dans les trois réactions suivantes, est-ce qu'il s'agit de transformations chimiques, physiques ou nucléaires ?

  { $ + He_{(g)} -> C_{(g)}}$}.
  { $ + 2O_2_{(g)} -> 2H_2O_{(g)} + CO2_{(g)}}$}.
  { $ -> N_{2(l)}}$}.





Tous les atomes sont différents, certains atomes sont plus stables que d'autres. On observe :
[H]


 



On remarque que  ($_{26}Fe}$). Dès lors:

 Tous les atomes  (plus légers, dont le nombre de protons < 26) gagnent à se rapprocher du Fer. Ils vont chercher à grossir : c'est la  (étoiles/ITER).
 Tous les atomes  (plus lourds, dont le nombre de protons > 26) gagnent à se rapprocher du Fer. Ils vont chercher à rapetisser : c'est la  (centrales nucléaires).


[H]


 



 En se rapprochant du Fer, ces atomes libérent de l'énergie autour d'eux (dans les centrales et les étoiles, les atomes donnent de la lumière et de la chaleur).


Si seul $Z$ est responsable de la nature d'un atome, on peut imaginer plusieurs versions d'un même atome. Par exemple :

 6 protons / 6 neutrons donnera un noyau de Carbone 12 ($_6C}$)
 6 protons / 8 neutrons donnera un noyau de Carbone 14 ($_6C}$)
 6 protons / 12 neutrons donnera un noyau de Carbone 18 ($_6C}$)

On appelle ces .\\

 Même chose concernant l'Helium : 
[H]


 



 Dans les trois cas, il y a toujours 2 protons, c'est donc de l'Helium, mais on remarque que les trois isotopes sont différents.\\

 .\\

 Il existe trois types de désintégration radioactive :

 Désintégration $ +$ (beta plus) : émission d'un positron $e^+$
 Désintégration $ -$ (beta moins) : émission d'un électron $e^-$
 Désintégration $$ (alpha) : émission d'une particule alpha (=noyau d'Hélium)\\


 Le phénomène de désintégration est aléatoire et imprévisible (cf Lancer de dés), mais en prenant un grand nombre d'atomes on peut visualiser une loi statistique.\\
Plus le temps passe et moins il reste d'atomes à désintégrer, et donc de moins en moins d'atomes se désintègrent.\\

 On obtient alors ce genre de courbe de désintégration :
[H]




 Au lieu de réfléchir en terme de probabilité de désintégration (possible mais pas évident), on caractérise une courbe par une propriété graphique : $)}.\\

 $) c'est le temps} (en années, jours, secondes...)  .\\
Au bout de $t_{1/2}$ (ans, jours, secondes), on a perdu la moitié du stock initial.\\

 La courbe (exponentielle décroissante) fait en sorte qu'à chaque fois qu'on attend $t_{1/2}$ (ans, jours, secondes) on reperd la moitié. Ainsi, on peut facilement faire un tableau d'évolution :\\
 
{l | c | c | c | c | c | c | c }
Pourcentage d'atomes & 100\% & 50\% & 25\% & 12.5\% & 6.25\% & 3.13\% & 1.56\% \\

Temps (en demi-vies) & 0 & $1 t_{1/2}$ & $2 t_{1/2}$ & $3 t_{1/2}$ & $4 t_{1/2}$ & $5 t_{1/2}$ & $6 t_{1/2}$ \\


Entre chaque colonne du tableau, on divise par deux la proportion d'atomes restants, et il s'écoule $t_{1/2}$.\\
.\\


 Exemple :\\
Le Césium 137 ($Cs}$) met environ $30$ ans pour que la moitié de son stock se désintègre :

 
{l | c | c | c | c | c | c | c }
Pourcentage d'atomes & 100\% & 50\% & 25\% & 12.5\% & 6.25\% & 3.13\% & 1.56\% \\

Temps (en demi-vies) & 0 & 30 ans & 60 ans & 90 ans & 120 ans & 150 ans & 180 ans \\






Le Carbone 14 ($_{6}C}$) est un isotope du Carbone qui est radioactif : il se désintègre donc. \\
Il est absorbé par tous les êtres vivants (animaux/végétaux) via la nourriture et la respiration.\\
La perte et l'ajoût de $C}$ s'équilibrent, la proportion de Carbone 14 dans l'organisme est alors constante.\\
A la mort de l'être vivant, il cesse de respirer et de s'alimenter. La proportion ne fait alors que décroître.
[H]


 

 En $ 5730$ ans, on passe de $100\%$ à $50\%$ de Carbone 14. On écrit donc $t_{1/2}=5730$ ans.\\
Si on attend de nouveau $5730$ ans, on redivise par deux : il reste $25\%$ de Carbone 14.\\

 Si on mesure la proportion de Carbone 14 dans un échantillon, on peut estimer la date de la mort de l'organisme.\\
La courbe nous montre que le Carbone 14 n'est pas idéal pour mesurer des morts récentes (entre 0 et quelques centaines d'années), ou des morts très lointaines (après quelques dizaines de milliers d'années).\\

 On évite alors d'utiliser le Carbone 14 pour dater des morts récentes (crimes par exemple) ou bien des morts très anciennes (dinosaures par exemple).



Les désintégrations radioactives peuvent provoquer des pathologies pour les humains (lésions cutanées, brûlures, défaillances d'organes, cancer, mort).\\
Néanmoins, il existe plusieurs mécanismes de radioactivité, et certains types sont jugés moins dangereux que d'autres.\\

 On se sert de certaines transformations nucléaires dans le domaine médical, à des fins diagnostiques. C'est le cas des examens de :

  avec du Technicium 99 ($^{99m}Tc$ : $t_{1/2} = 6\,h$).
  (ou  en anglais) pour Tomographie par Emission de Positons, basée sur du Fluor 18 ($^{18}F : t_{1/2} = 2\,h$).


 Les principes sont relativement similaires : On injecte dans le corps du patient une dose d'un radioisotope, puis ces atomes seront absorbés pour l'élaboration de cellules. \ l'aide d'une caméra gamma, on peut visualiser à quels endroits ces nouveaux atomes se sont amassés : c'est une zone qui fabrique beaucoup de cellules, c'est-à-dire une potentielle tumeur.\\

[H]


 


 Comme les isotopes se désintègrent très vite, on diminue les risques de dégâts à long terme chez le patient. En contrepartie, les hôpitaux préparent une dose pour une heure donnée, et tout retard du patient devient problématique en terme de logistique.





