Contenu
Menu
Recherche
Pied de page
République
Française
Service-Public.fr

Le site officiel de l’administration française

Se connecter
Accéder au site pour les entreprises
Recherche
Rechercher sur le site

Rechercher sur le site
Accueil
Actualité
de vos droits et démarches
Fiches pratiques
par événement de vie
Fiches pratiques
par thème
Démarches
et outils
Annuaire
de l’administration
Contacter
Service-Public.fr
AccueilSocial - SantéLitiges avec la Sécurité socialeLitige de nature médicale (invalidité, incapacité, inaptitude)
Ajouter à mes favoris


Focus

FR - Français
Litige de nature médicale (invalidité, incapacité, inaptitude)
Vérifié le 17 novembre 2023 - Direction de l'information légale et administrative (Premier ministre)

Comment faire une réclamation contre les décisions d'organismes de sécurité sociale liées à l'invalidité, l'incapacité ou l'inaptitude ? Ces réclamations doivent être présentées à la Commission médicale de recours amiable (CMRA: CMRA : Commission médicale de recours amiable). On parle de litige médical. Si ce recours préalable obligatoire échoue, c'est le tribunal judiciaire de votre domicile qui est compétent. En appel, la chambre sociale de la cour d'appel est compétente. Nous vous exposons l'essentiel de la règlementation.

Les étapes impliquent donc que la CMRA: CMRA : Commission médicale de recours amiable soit saisie au préalable. En cas d'échec, c'est le juge qui est compétent.

La démarche par étapes

Tout déplier

1
Engager un recours préalable obligatoire devant la Commission médicale de recours amiable

2
Faire un recours contentieux devant le tribunal judiciaire (première instance)

3
Faire appel de la décision du tribunal judiciaire

4
Saisir la Cour de cassation
Qui peut m'aider ?
Vous avez une question ? Vous souhaitez être accompagné(e) dans vos démarches ?


Trouver un interlocuteur
Textes de loi et références
Services en ligne et formulaires
Voir aussi
Cette page vous a-t-elle été utile ?
1Pas du toutCette page ne pas m'a pas du tout été utile
2Un peuCette page m'a été un peu utile
3MoyenCette page m'a été moyennement utile
4BeaucoupCette page m'a été très utile
5Parfait !Cette page m'a été parfaitement utile
Recevoir la lettre de Service-Public.fr
Abonnement hebdomadaire gratuit

S’abonner
Lire la dernière lettre
Voir toutes les lettres
Suivez-nous
sur les réseaux sociaux
facebook
X (anciennement twitter)
linkedin
instagram
youtube
Fiches pratiques par thèmes
Papiers - Citoyenneté - Élections
Famille - Scolarité
Social - Santé
Travail - Formation
Logement
Transports - Mobilité
Argent - Impôts - Consommation
Justice
Étranger - Europe
Loisirs - Sports - Culture
Associations, fondations et fonds de dotation
Démarches et outils
Démarches en ligne
Formulaires administratifs (cerfas)
Simulateurs
Modèles de lettres
Outils de recherche
Allo Service Public
Annuaire de l'administration
Nous connaître
Missions et chiffres
Mise à disposition des données
Engagements et qualité
Aide
Vous êtes une administration ?
Vous êtes journaliste ?
Contacter Service-Public.fr
République
Française

Service Public vous informe et vous oriente vers les services qui permettent de connaître vos obligations, d’exercer vos droits et de faire vos démarches du quotidien.

Il est édité par la Direction de l’information légale et administrative  et réalisé en partenariat avec les administrations nationales et locales.

legifrance.gouv.fr
info.gouv.fr
data.gouv.fr
Nos partenaires
Your Europe
Vie publique, au cœur du débat public
Entreprendre.Service-Public.fr
Service Publics +
Plan du siteAccessibilité : totalement conformeAccessibilité des services en ligneMentions légalesDonnées personnelles et sécuritéConditions générales d'utilisationGestion des cookies
Sauf mention contraire, tous les contenus de ce site sont sous licence etalab-2.0 

Écouter